// Bun Snapshot v1, https://goo.gl/fbAQLP

exports[`reassignments will work 1`] = `
[
  {
    "balance": "2.5",
    "lastTransaction": null,
  },
  {
    "balance": "3.5",
    "lastTransaction": null,
  },
  {
    "balance": "4.5",
    "lastTransaction": null,
  },
  {
    "balance": "4.5",
    "lastTransaction": "2.5",
  },
  {
    "balance": "4.5",
    "lastTransaction": null,
  },
]
`;

exports[`reassignments will work 2`] = `
[
  {
    "op": "replace",
    "path": "/balance",
    "value": "2.5",
  },
  {
    "op": "replace",
    "path": "/balance",
    "value": "3.5",
  },
  {
    "op": "replace",
    "path": "/balance",
    "value": "4.5",
  },
  {
    "op": "replace",
    "path": "/lastTransaction",
    "value": "2.5",
  },
  {
    "op": "replace",
    "path": "/lastTransaction",
    "value": null,
  },
]
`;

exports[`complex reassignments will work 1`] = `
[
  {
    "balance": [
      2,
      5,
    ],
  },
  {
    "balance": [
      2,
      5,
    ],
  },
  {
    "balance": [
      3,
      5,
    ],
  },
  {
    "balance": [
      4,
      5,
    ],
  },
]
`;

exports[`complex reassignments will work 2`] = `
[
  {
    "op": "replace",
    "path": "/balance",
    "value": [
      2,
      5,
    ],
  },
  {
    "op": "replace",
    "path": "/balance",
    "value": [
      2,
      5,
    ],
  },
  {
    "op": "replace",
    "path": "/balance",
    "value": [
      3,
      5,
    ],
  },
  {
    "op": "replace",
    "path": "/balance",
    "value": [
      4,
      5,
    ],
  },
]
`;
